2026-08-06 13:10:30,865 | INFO | Log file: E:\pythonProject\art-expert\logs\session_20260806_131030.log
2026-08-06 13:10:30,865 | INFO | Running startup checks...
2026-08-06 13:10:30,865 | INFO | Found: E:\pythonProject\art-expert\prompt.txt
2026-08-06 13:10:30,865 | INFO | Found: E:\pythonProject\art-expert\expert_prompt.txt
2026-08-06 13:10:30,866 | INFO | Found: E:\pythonProject\art-expert\images\sample1.jpg
2026-08-06 13:10:30,866 | INFO | Checking offline speech model...
2026-08-06 13:10:31,167 | INFO | Vosk model loaded.
2026-08-06 13:10:31,167 | INFO | Checking Piper TTS...
2026-08-06 13:10:31,168 | INFO | Piper TTS ready.
2026-08-06 13:10:31,168 | INFO | Microphone detected.
2026-08-06 13:10:31,169 | INFO | Startup checks complete.
2026-08-06 13:10:31,169 | INFO | Identifying artwork from: E:\pythonProject\art-expert\images\sample1.jpg
2026-08-06 13:10:31,173 | INFO | AFC is enabled with max remote calls: 10.
2026-08-06 13:12:09,582 | ERROR | Fatal error.
Traceback (most recent call last):
  File "E:\pythonProject\art-expert\venv\Lib\site-packages\httpx\_transports\default.py", line 101, in map_httpcore_exceptions
    yield
  File "E:\pythonProject\art-expert\venv\Lib\site-packages\httpx\_transports\default.py", line 250, in handle_request
    resp = self._pool.handle_request(req)
           ^^^^^^^^^^^^^^^^^^^^^^^^^^^^^^
  File "E:\pythonProject\art-expert\venv\Lib\site-packages\httpcore\_sync\connection_pool.py", line 256, in handle_request
    raise exc from None
  File "E:\pythonProject\art-expert\venv\Lib\site-packages\httpcore\_sync\connection_pool.py", line 236, in handle_request
    response = connection.handle_request(
               ^^^^^^^^^^^^^^^^^^^^^^^^^^
  File "E:\pythonProject\art-expert\venv\Lib\site-packages\httpcore\_sync\connection.py", line 103, in handle_request
    return self._connection.handle_request(request)
           ^^^^^^^^^^^^^^^^^^^^^^^^^^^^^^^^^^^^^^^^
  File "E:\pythonProject\art-expert\venv\Lib\site-packages\httpcore\_sync\http11.py", line 136, in handle_request
    raise exc
  File "E:\pythonProject\art-expert\venv\Lib\site-packages\httpcore\_sync\http11.py", line 106, in handle_request
    ) = self._receive_response_headers(**kwargs)
        ^^^^^^^^^^^^^^^^^^^^^^^^^^^^^^^^^^^^^^^^
  File "E:\pythonProject\art-expert\venv\Lib\site-packages\httpcore\_sync\http11.py", line 177, in _receive_response_headers
    event = self._receive_event(timeout=timeout)
            ^^^^^^^^^^^^^^^^^^^^^^^^^^^^^^^^^^^^
  File "E:\pythonProject\art-expert\venv\Lib\site-packages\httpcore\_sync\http11.py", line 231, in _receive_event
    raise RemoteProtocolError(msg)
httpcore.RemoteProtocolError: Server disconnected without sending a response.

The above exception was the direct cause of the following exception:

Traceback (most recent call last):
  File "E:\pythonProject\art-expert\main.py", line 242, in main
    art_context = vision.identify_art(image_path)
                  ^^^^^^^^^^^^^^^^^^^^^^^^^^^^^^^
  File "E:\pythonProject\art-expert\vision.py", line 66, in identify_art
    response = client.models.generate_content(
               ^^^^^^^^^^^^^^^^^^^^^^^^^^^^^^^
  File "E:\pythonProject\art-expert\venv\Lib\site-packages\google\genai\models.py", line 6602, in generate_content
    response = self._generate_content(
               ^^^^^^^^^^^^^^^^^^^^^^^
  File "E:\pythonProject\art-expert\venv\Lib\site-packages\google\genai\models.py", line 5028, in _generate_content
    response = self._api_client.request(
               ^^^^^^^^^^^^^^^^^^^^^^^^^
  File "E:\pythonProject\art-expert\venv\Lib\site-packages\google\genai\_api_client.py", line 1708, in request
    response = self._request(http_request, http_options, stream=False)
               ^^^^^^^^^^^^^^^^^^^^^^^^^^^^^^^^^^^^^^^^^^^^^^^^^^^^^^^
  File "E:\pythonProject\art-expert\venv\Lib\site-packages\google\genai\_api_client.py", line 1495, in _request
    return self._retry(self._request_once, http_request, stream)  # type: ignore[no-any-return]
           ^^^^^^^^^^^^^^^^^^^^^^^^^^^^^^^^^^^^^^^^^^^^^^^^^^^^^
  File "E:\pythonProject\art-expert\venv\Lib\site-packages\tenacity\__init__.py", line 470, in __call__
    do = self.iter(retry_state=retry_state)
         ^^^^^^^^^^^^^^^^^^^^^^^^^^^^^^^^^^
  File "E:\pythonProject\art-expert\venv\Lib\site-packages\tenacity\__init__.py", line 371, in iter
    result = action(retry_state)
             ^^^^^^^^^^^^^^^^^^^
  File "E:\pythonProject\art-expert\venv\Lib\site-packages\tenacity\__init__.py", line 413, in exc_check
    raise retry_exc.reraise()
          ^^^^^^^^^^^^^^^^^^^
  File "E:\pythonProject\art-expert\venv\Lib\site-packages\tenacity\__init__.py", line 184, in reraise
    raise self.last_attempt.result()
          ^^^^^^^^^^^^^^^^^^^^^^^^^^
  File "C:\Program Files\Python311\Lib\concurrent\futures\_base.py", line 449, in result
    return self.__get_result()
           ^^^^^^^^^^^^^^^^^^^
  File "C:\Program Files\Python311\Lib\concurrent\futures\_base.py", line 401, in __get_result
    raise self._exception
  File "E:\pythonProject\art-expert\venv\Lib\site-packages\tenacity\__init__.py", line 473, in __call__
    result = fn(*args, **kwargs)
             ^^^^^^^^^^^^^^^^^^^
  File "E:\pythonProject\art-expert\venv\Lib\site-packages\google\genai\_api_client.py", line 1471, in _request_once
    response = self._httpx_client.send(httpx_request, stream=stream)  # type: ignore[union-attr]
               ^^^^^^^^^^^^^^^^^^^^^^^^^^^^^^^^^^^^^^^^^^^^^^^^^^^^^
  File "E:\pythonProject\art-expert\venv\Lib\site-packages\httpx\_client.py", line 914, in send
    response = self._send_handling_auth(
               ^^^^^^^^^^^^^^^^^^^^^^^^^
  File "E:\pythonProject\art-expert\venv\Lib\site-packages\httpx\_client.py", line 942, in _send_handling_auth
    response = self._send_handling_redirects(
               ^^^^^^^^^^^^^^^^^^^^^^^^^^^^^^
  File "E:\pythonProject\art-expert\venv\Lib\site-packages\httpx\_client.py", line 979, in _send_handling_redirects
    response = self._send_single_request(request)
               ^^^^^^^^^^^^^^^^^^^^^^^^^^^^^^^^^^
  File "E:\pythonProject\art-expert\venv\Lib\site-packages\httpx\_client.py", line 1014, in _send_single_request
    response = transport.handle_request(request)
               ^^^^^^^^^^^^^^^^^^^^^^^^^^^^^^^^^
  File "E:\pythonProject\art-expert\venv\Lib\site-packages\httpx\_transports\default.py", line 249, in handle_request
    with map_httpcore_exceptions():
  File "C:\Program Files\Python311\Lib\contextlib.py", line 155, in __exit__
    self.gen.throw(typ, value, traceback)
  File "E:\pythonProject\art-expert\venv\Lib\site-packages\httpx\_transports\default.py", line 118, in map_httpcore_exceptions
    raise mapped_exc(message) from exc
httpx.RemoteProtocolError: Server disconnected without sending a response.
